Traceback (most recent call last):
  File "/home/attiq/frappe-sugarmill/apps/frappe/frappe/modules/utils.py", line 204, in load_doctype_module
    doctype_python_modules[key] = frappe.get_module(module_name)
  File "/home/attiq/frappe-sugarmill/apps/frappe/frappe/__init__.py", line 862, in get_module
    return importlib.import_module(modulename)
  File "/home/attiq/frappe-sugarmill/env/lib/python3.6/importlib/__init__.py", line 126, in import_module
    return _bootstrap._gcd_import(name[level:], package, level)
  File "<frozen importlib._bootstrap>", line 994, in _gcd_import
  File "<frozen importlib._bootstrap>", line 971, in _find_and_load
  File "<frozen importlib._bootstrap>", line 941, in _find_and_load_unlocked
  File "<frozen importlib._bootstrap>", line 219, in _call_with_frames_removed
  File "<frozen importlib._bootstrap>", line 994, in _gcd_import
  File "<frozen importlib._bootstrap>", line 971, in _find_and_load
  File "<frozen importlib._bootstrap>", line 953, in _find_and_load_unlocked
ModuleNotFoundError: No module named 'frappe.core.doctype.nrp_integration'

During handling of the above exception, another exception occurred:

Traceback (most recent call last):
  File "/home/attiq/frappe-sugarmill/apps/frappe/frappe/desk/page/setup_wizard/setup_wizard.py", line 72, in setup_complete
    task.get('fn')(task.get('args'))
  File "/home/attiq/frappe-sugarmill/apps/erpnext/erpnext/setup/setup_wizard/setup_wizard.py", line 101, in setup_defaults
    fixtures.install_defaults(frappe._dict(args))
  File "/home/attiq/frappe-sugarmill/apps/erpnext/erpnext/setup/setup_wizard/operations/install_fixtures.py", line 450, in install_defaults
    domain_settings.set_active_domains(args.get('domains'))
  File "/home/attiq/frappe-sugarmill/apps/frappe/frappe/core/doctype/domain_settings/domain_settings.py", line 19, in set_active_domains
    self.save()
  File "/home/attiq/frappe-sugarmill/apps/frappe/frappe/model/document.py", line 273, in save
    return self._save(*args, **kwargs)
  File "/home/attiq/frappe-sugarmill/apps/frappe/frappe/model/document.py", line 326, in _save
    self.run_post_save_methods()
  File "/home/attiq/frappe-sugarmill/apps/frappe/frappe/model/document.py", line 932, in run_post_save_methods
    self.run_method("on_update")
  File "/home/attiq/frappe-sugarmill/apps/frappe/frappe/model/document.py", line 802, in run_method
    out = Document.hook(fn)(self, *args, **kwargs)
  File "/home/attiq/frappe-sugarmill/apps/frappe/frappe/model/document.py", line 1081, in composer
    return composed(self, method, *args, **kwargs)
  File "/home/attiq/frappe-sugarmill/apps/frappe/frappe/model/document.py", line 1064, in runner
    add_to_return_value(self, fn(self, *args, **kwargs))
  File "/home/attiq/frappe-sugarmill/apps/frappe/frappe/model/document.py", line 796, in <lambda>
    fn = lambda self, *args, **kwargs: getattr(self, method)(*args, **kwargs)
  File "/home/attiq/frappe-sugarmill/apps/frappe/frappe/core/doctype/domain_settings/domain_settings.py", line 27, in on_update
    domain.setup_domain()
  File "/home/attiq/frappe-sugarmill/apps/frappe/frappe/core/doctype/domain/domain.py", line 18, in setup_domain
    self.setup_roles()
  File "/home/attiq/frappe-sugarmill/apps/frappe/frappe/core/doctype/domain/domain.py", line 76, in setup_roles
    user.save()
  File "/home/attiq/frappe-sugarmill/apps/frappe/frappe/model/document.py", line 273, in save
    return self._save(*args, **kwargs)
  File "/home/attiq/frappe-sugarmill/apps/frappe/frappe/model/document.py", line 309, in _save
    self.run_before_save_methods()
  File "/home/attiq/frappe-sugarmill/apps/frappe/frappe/model/document.py", line 902, in run_before_save_methods
    self.run_method("before_save")
  File "/home/attiq/frappe-sugarmill/apps/frappe/frappe/model/document.py", line 802, in run_method
    out = Document.hook(fn)(self, *args, **kwargs)
  File "/home/attiq/frappe-sugarmill/apps/frappe/frappe/model/document.py", line 1081, in composer
    return composed(self, method, *args, **kwargs)
  File "/home/attiq/frappe-sugarmill/apps/frappe/frappe/model/document.py", line 1066, in runner
    add_to_return_value(self, f(self, method, *args, **kwargs))
  File "/home/attiq/frappe-sugarmill/apps/nerp/nerp/modules/gourmet/user/user.py", line 20, in user_before_save
    frappe.get_doc(nrp_integeration).save(ignore_permissions=True)
  File "/home/attiq/frappe-sugarmill/apps/frappe/frappe/__init__.py", line 787, in get_doc
    doc = frappe.model.document.get_doc(*args, **kwargs)
  File "/home/attiq/frappe-sugarmill/apps/frappe/frappe/model/document.py", line 69, in get_doc
    controller = get_controller(doctype)
  File "/home/attiq/frappe-sugarmill/apps/frappe/frappe/model/base_document.py", line 48, in get_controller
    module = load_doctype_module(doctype, module_name)
  File "/home/attiq/frappe-sugarmill/apps/frappe/frappe/modules/utils.py", line 206, in load_doctype_module
    raise ImportError('Module import failed for {0} ({1})'.format(doctype, module_name + ' Error: ' + str(e)))
ImportError: Module import failed for Nrp Integration (frappe.core.doctype.nrp_integration.nrp_integration Error: No module named 'frappe.core.doctype.nrp_integration')
{"language": "English", "country": "Pakistan", "timezone": "Asia/Karachi", "currency": "PKR", "domains": ["Manufacturing", "Agriculture"], "company_name": "Gourmet", "company_abbr": "G", "company_tagline": "Products", "bank_account": "Al habib", "chart_of_accounts": "Standard", "fy_start_date": "2021-07-01", "fy_end_date": "2022-06-30"}